../Drivers/CMSIS/Include/core_cm4.h:2064:26:ITM_SendChar	16	static,ignoring_inline_asm
../Core/Src/main.c:92:6:ADC_Select_CH0	24	static
../Core/Src/main.c:105:6:ADC_Select_CH1	24	static
../Core/Src/main.c:126:5:main	1200	static
../Core/Src/main.c:298:6:SystemClock_Config	88	static
../Core/Src/main.c:345:13:MX_ADC1_Init	8	static
../Core/Src/main.c:400:13:MX_I2C1_Init	8	static
../Core/Src/main.c:434:13:MX_I2C2_Init	8	static
../Core/Src/main.c:468:13:MX_USART2_UART_Init	8	static
../Core/Src/main.c:501:13:MX_GPIO_Init	48	static
../Core/Src/main.c:545:5:_write	32	static
../Core/Src/main.c:563:6:Error_Handler	4	static,ignoring_inline_asm
