../Drivers/CMSIS/Include/core_cm4.h:2064:26:ITM_SendChar	16	static,ignoring_inline_asm
../Core/Src/main.c:98:6:ADC_Select_CH0	24	static
../Core/Src/main.c:111:6:ADC_Select_CH1	24	static
../Core/Src/main.c:124:6:ADC_Select_CH4	24	static
../Core/Src/main.c:138:7:remap_val	32	static
../Core/Src/main.c:150:5:main	264	static
../Core/Src/main.c:381:6:SystemClock_Config	88	static
../Core/Src/main.c:428:13:MX_ADC1_Init	8	static
../Core/Src/main.c:498:13:MX_I2C1_Init	8	static
../Core/Src/main.c:532:13:MX_I2C3_Init	8	static
../Core/Src/main.c:566:13:MX_TIM3_Init	64	static
../Core/Src/main.c:625:13:MX_USART2_UART_Init	8	static
../Core/Src/main.c:658:13:MX_GPIO_Init	48	static
../Core/Src/main.c:691:5:_write	32	static
../Core/Src/main.c:709:6:Error_Handler	4	static,ignoring_inline_asm
