../Drivers/CMSIS/Include/core_cm4.h:2064:26:ITM_SendChar	16	static,ignoring_inline_asm
../Core/Src/main.c:93:6:ADC_Select_CH0	24	static
../Core/Src/main.c:106:6:ADC_Select_CH1	24	static
../Core/Src/main.c:119:6:ADC_Select_CH4	24	static
../Core/Src/main.c:133:7:remap_val	32	static
../Core/Src/main.c:145:5:main	256	static
../Core/Src/main.c:293:6:SystemClock_Config	88	static
../Core/Src/main.c:340:13:MX_ADC1_Init	8	static
../Core/Src/main.c:410:13:MX_I2C1_Init	8	static
../Core/Src/main.c:444:13:MX_TIM3_Init	64	static
../Core/Src/main.c:503:13:MX_USART2_UART_Init	8	static
../Core/Src/main.c:536:13:MX_GPIO_Init	48	static
../Core/Src/main.c:569:5:_write	32	static
../Core/Src/main.c:587:6:Error_Handler	4	static,ignoring_inline_asm
